Cfg for function: main
{"dest": "v0", "op": "const", "type": "int", "value": 0} -> ['for.cond.1']
for.cond.1 -> ['for.body.1', 'for.end.1']
for.body.1 -> ['for.cond.1']
for.end.1 -> []
